// Jest Snapshot v1, https://goo.gl/fbAQLP

exports[`Categories test should render correctly 1`] = `
<DocumentFragment>
  <div
    class="main-page"
  >
    <h2
      class="main-page__title"
    >
      VK Маркет
    </h2>
    <h3 />
    <div
      class="main-page__parameters"
    >
      <div
        class="categories"
      >
        <div
          class="categories__badge"
        >
          Одежда
        </div>
        <div
          class="categories__badge"
        >
          Для дома
        </div>
        <div
          class="categories__badge"
        >
          Электроника
        </div>
      </div>
    </div>
    <div
      class="product-card"
    >
      <div
        class="product-card__text"
      >
        <h2
          class="product-card__name"
        >
          IPhone 14 Pro
        </h2>
        <div
          class="product-card__description"
        >
          Latest iphone, buy it now
        </div>
        <h1
          class="product-card__price"
        />
        <div
          class="product-card__category"
        >
          Электроника
        </div>
      </div>
      <img
        alt="IPhone 14 Pro"
        class="product-card__image"
        src="/iphone.png"
      />
    </div>
  </div>
</DocumentFragment>
`;
